[32m2025-04-18 23:52:29 INFO [App] Database connected[39m
[32m2025-04-18 23:52:29 INFO [App] Server is running on port 8080[39m
[32m2025-04-18 23:52:52 INFO [App] Database connected[39m
[34m2025-04-18 23:52:52 DEBUG [App] Server is running on port 8080[39m
[32m2025-04-18 23:52:59 INFO [App] Database connected[39m
[31m2025-04-18 23:52:59 ERROR [App] Server is running on port 8080[39m
[32m2025-04-18 23:53:10 INFO [App] Database connected[39m
[33m2025-04-18 23:53:10 WARN [App] Server is running on port 8080[39m
[32m2025-04-18 23:53:33 INFO [App] Database connected[39m
[35m2025-04-18 23:53:33 VERBOSE [App] Server is running on port 8080[39m
[32m2025-04-18 23:54:08 INFO [App] Database connected[39m
[32m2025-04-18 23:54:08 INFO [App] Server is running on port 8080[39m
[32m2025-04-18 23:54:55 INFO [App] Database connected[39m
[32m2025-04-18 23:54:55 INFO [App] Server is running on port 8080[39m
[32m2025-04-18 23:55:03 INFO [App] Database connected[39m
[95m2025-04-18 23:55:03 DEBUG [App] Server is running on port 8080[39m
[32m2025-04-18 23:55:30 INFO [App] Database connected[39m
[104m2025-04-18 23:55:30 DEBUG [App] Server is running on port 8080[49m
[32m2025-04-18 23:55:55 INFO [App] Database connected[39m
[34m2025-04-18 23:55:55 DEBUG [App] Server is running on port 8080[39m
[32m2025-04-18 23:59:22 INFO [App] Database connected[39m
[34m2025-04-18 23:59:22 DEBUG [App] Server is running on port 8080[39m
